// Jest Snapshot v1, https://goo.gl/fbAQLP

exports[`BlockLink renders 1`] = `
.c0 {
  margin: 0px;
  color: inherit;
  display: block;
  -webkit-text-decoration: none;
  text-decoration: none;
}

<a
  className="c0"
  color="inherit"
>
  raw text
</a>
`;
