// Jest Snapshot v1, https://goo.gl/fbAQLP

exports[`OutlineButton disabled prop sets 1`] = `
.c0 {
  margin: 0px;
  padding-left: 22px;
  padding-right: 22px;
  padding-top: 16px;
  padding-bottom: 16px;
  background-color: #e42d42;
  color: #ffffff;
  font-size: 24px;
  -webkit-font-smoothing: antialiased;
  display: inline-block;
  vertical-align: middle;
  text-align: center;
  -webkit-text-decoration: none;
  text-decoration: none;
  font-size: inherit;
  font-family: inherit;
  font-weight: bold;
  line-height: 1.125;
  -webkit-appearance: none;
  -moz-appearance: none;
  appearance: none;
  cursor: pointer;
  -webkit-transition: 0.1875s cubic-bezier(0.375,0,0.675,1) box-shadow;
  transition: 0.1875s cubic-bezier(0.375,0,0.675,1) box-shadow;
  box-shadow: 0 2px 4px rgba(0,0,0,0.125);
  border-radius: 9999px;
  border: none;
  opacity: 0.25;
  cursor: not-allowed;
  text-transform: uppercase;
  box-shadow: 0 2px 12px rgba(0,0,0,0.125);
  background: transparent;
  border-width: 2px;
  border-style: solid;
  border-color: #e42d42;
  box-shadow: none;
  color: #e42d42;
}

.c0:hover,
.c0:focus {
  outline: 0;
  box-shadow: 0 2px 6px rgba(228,45,66,0.25);
}

.c0:active {
  outline: 0;
  box-shadow: 0 2px 8px 2px rgba(228,45,66,0.25);
}

.c0:hover,
.c0:focus {
  box-shadow: 0 2px 12px 2px rgba(228,45,66,0.25);
}

.c0:active {
  box-shadow: 0 4px 16px 2px rgba(228,45,66,0.25);
}

.c0:focus:enabled,
.c0:hover:enabled {
  background: #e42d42;
  color: #ffffff;
  -webkit-transition: 0.1875s cubic-bezier(0.375,0,0.675,1) background, 0.1875s cubic-bezier(0.375,0,0.675,1) color;
  transition: 0.1875s cubic-bezier(0.375,0,0.675,1) background, 0.1875s cubic-bezier(0.375,0,0.675,1) color;
}

<div
  className="c0"
  disabled={true}
/>
`;

exports[`OutlineButton renders 1`] = `
.c0 {
  margin: 0px;
  padding-left: 22px;
  padding-right: 22px;
  padding-top: 16px;
  padding-bottom: 16px;
  background-color: #e42d42;
  color: #ffffff;
  font-size: 24px;
  -webkit-font-smoothing: antialiased;
  display: inline-block;
  vertical-align: middle;
  text-align: center;
  -webkit-text-decoration: none;
  text-decoration: none;
  font-size: inherit;
  font-family: inherit;
  font-weight: bold;
  line-height: 1.125;
  -webkit-appearance: none;
  -moz-appearance: none;
  appearance: none;
  cursor: pointer;
  -webkit-transition: 0.1875s cubic-bezier(0.375,0,0.675,1) box-shadow;
  transition: 0.1875s cubic-bezier(0.375,0,0.675,1) box-shadow;
  box-shadow: 0 2px 4px rgba(0,0,0,0.125);
  border-radius: 9999px;
  border: none;
  text-transform: uppercase;
  box-shadow: 0 2px 12px rgba(0,0,0,0.125);
  background: transparent;
  border-width: 2px;
  border-style: solid;
  border-color: #e42d42;
  box-shadow: none;
  color: #e42d42;
}

.c0:hover,
.c0:focus {
  outline: 0;
  box-shadow: 0 2px 6px rgba(228,45,66,0.25);
}

.c0:active {
  outline: 0;
  box-shadow: 0 2px 8px 2px rgba(228,45,66,0.25);
}

.c0:hover,
.c0:focus {
  box-shadow: 0 2px 12px 2px rgba(228,45,66,0.25);
}

.c0:active {
  box-shadow: 0 4px 16px 2px rgba(228,45,66,0.25);
}

.c0:focus:enabled,
.c0:hover:enabled {
  background: #e42d42;
  color: #ffffff;
  -webkit-transition: 0.1875s cubic-bezier(0.375,0,0.675,1) background, 0.1875s cubic-bezier(0.375,0,0.675,1) color;
  transition: 0.1875s cubic-bezier(0.375,0,0.675,1) background, 0.1875s cubic-bezier(0.375,0,0.675,1) color;
}

<div
  className="c0"
/>
`;

exports[`OutlineButton with custom color 1`] = `
.c0 {
  margin: 0px;
  padding-left: 22px;
  padding-right: 22px;
  padding-top: 16px;
  padding-bottom: 16px;
  background-color: #ffffff;
  color: #ffffff;
  font-size: 24px;
  -webkit-font-smoothing: antialiased;
  display: inline-block;
  vertical-align: middle;
  text-align: center;
  -webkit-text-decoration: none;
  text-decoration: none;
  font-size: inherit;
  font-family: inherit;
  font-weight: bold;
  line-height: 1.125;
  -webkit-appearance: none;
  -moz-appearance: none;
  appearance: none;
  cursor: pointer;
  -webkit-transition: 0.1875s cubic-bezier(0.375,0,0.675,1) box-shadow;
  transition: 0.1875s cubic-bezier(0.375,0,0.675,1) box-shadow;
  box-shadow: 0 2px 4px rgba(0,0,0,0.125);
  border-radius: 9999px;
  border: none;
  text-transform: uppercase;
  box-shadow: 0 2px 12px rgba(0,0,0,0.125);
  background: transparent;
  border-width: 2px;
  border-style: solid;
  border-color: #ffffff;
  box-shadow: none;
  color: #ffffff;
}

.c0:hover,
.c0:focus {
  outline: 0;
  box-shadow: 0 2px 6px rgba(255,255,255,0.25);
}

.c0:active {
  outline: 0;
  box-shadow: 0 2px 8px 2px rgba(255,255,255,0.25);
}

.c0:hover,
.c0:focus {
  box-shadow: 0 2px 12px 2px rgba(255,255,255,0.25);
}

.c0:active {
  box-shadow: 0 4px 16px 2px rgba(255,255,255,0.25);
}

.c0:focus:enabled,
.c0:hover:enabled {
  background: #ffffff;
  color: #ffffff;
  -webkit-transition: 0.1875s cubic-bezier(0.375,0,0.675,1) background, 0.1875s cubic-bezier(0.375,0,0.675,1) color;
  transition: 0.1875s cubic-bezier(0.375,0,0.675,1) background, 0.1875s cubic-bezier(0.375,0,0.675,1) color;
}

<div
  className="c0"
/>
`;
